MAP
        NAME Custom
        STATUS ON
        EXTENT 97.0 5.5 105.7 20.5
        UNITS dd
        SIZE 600 400
        IMAGECOLOR -1 -1 -1
        TRANSPARENT ON
        IMAGETYPE png
        FONTSET "/ms601/fonts/fonts.txt"
        WEB
                IMAGEPATH '/wms/tmp/'
                IMAGEURL "/wms/tmp/"
                METADATA
                        "wfs_title" "Custom WFS"
                        "wfs_onlineresource" "http://localhost/cgi-bin/mapserv?map=/ms601/map/wfs-postgis.map&"
                        "wfs_srs" "EPSG:4326 EPSG:900913"
			"wfs_namespace_prefix" "feature"
			"wfs_namespace_uri" "http://localhost"
                        "wfs_enable_request" "*"
                END
        END
        PROJECTION
                "proj=latlong"
                "datum=WGS84"
        END

        LAYER
                NAME kml
                METADATA
                        "wfs_title"         "KML" ##REQUIRED
                        "wfs_srs"           "EPSG:4326" ##REQUIRED
                        "wfs_typename"      "kml" ## REQUIRED
                        "gml_include_items" "all" ## Optional (serves all attributes for layer)
                        "gml_featureid"     "fid" ## REQUIRED
                END
                PROJECTION
                        "init=epsg:4326"
                END

                CONNECTION "user=admin dbname=dsi host=localhost port=5432"
                CONNECTIONTYPE POSTGIS
                DATA "the_geom from kml using srid=4326 using unique id"
                STATUS ON
                TYPE POINT
                CLASS
                        STYLE
                                SIZE 30
                                COLOR 255 0 0
                                OUTLINECOLOR 255 0 0
                        END
                END
        END
END
